% Thomas Esser, 1998, public domain.
omsea1 OmegaSerifArabicOne <omsea1.pfb
omsea1b OmegaSerifArabicOne-Bold <omsea1b.pfb
omsea2 OmegaSerifArabicTwo <omsea2.pfb
omsea2b OmegaSerifArabicTwo-Bold <omsea2b.pfb
omsea3 OmegaSerifArabicThree <omsea3.pfb
omsea3b OmegaSerifArabicThree-Bold <omsea3b.pfb
omseco OmegaSerifCommon <omseco.pfb
omsecob OmegaSerifCommon-Bold <omsecob.pfb
omsecobi OmegaSerifCommon-BoldItalic <omsecobi.pfb
omsecoi OmegaSerifCommon-Italic <omsecoi.pfb
omsecx OmegaSerifCyrillicExtended <omsecx.pfb
omsecy OmegaSerifCyrillic <omsecy.pfb
omsegr OmegaSerifGreek <omsegr.pfb
omsegrb OmegaSerifGreek-Bold <omsegrb.pfb
omsegrbi OmegaSerifGreek-BoldItalic <omsegrbi.pfb
omsegri OmegaSerifGreek-Italic <omsegri.pfb
omseha OmegaSerifArmenian <omseha.pfb
omsehe OmegaSerifHebrew <omsehe.pfb
omseip OmegaSerifIPA <omseip.pfb
omsela OmegaSerifLatin <omsela.pfb
omselab OmegaSerifLatin-Bold <omselab.pfb
omselabi OmegaSerifLatin-BoldItalic <omselabi.pfb
omselai OmegaSerifLatin-Italic <omselai.pfb
omseti OmegaSerifTifinagh <omseti.pfb
