% Support for Polish PL fonts in Type1 format
% Available from CTAN:/language/polish/plpsfont
plb10 PLB10 <plb10.pfb
plbsy10 PLBSY10 <plbsy10.pfb
plbx10 PLBX10 <plbx10.pfb
plbx12 PLBX12 <plbx12.pfb
plbx5 PLBX5 <plbx5.pfb
plbx6 PLBX6 <plbx6.pfb
plbx7 PLBX7 <plbx7.pfb
plbx8 PLBX8 <plbx8.pfb
plbx9 PLBX9 <plbx9.pfb
plbxsl10 PLBXSL10 <plbxsl10.pfb
plbxti10 PLBXTI10 <plbxti10.pfb
plcsc10 PLCSC10 <plcsc10.pfb
pldunh10 PLDUNH10 <pldunh10.pfb
plex10 PLEX10 <plex10.pfb
plex9 PLEX9 <plex9.pfb
plff10 PLFF10 <plff10.pfb
plfi10 PLFI10 <plfi10.pfb
plfib8 PLFIB8 <plfib8.pfb
plinch PLINCH <plinch.pfb
plitt10 PLITT10 <plitt10.pfb
plmi10 PLMI10 <plmi10.pfb
plmi12 PLMI12 <plmi12.pfb
plmi5 PLMI5 <plmi5.pfb
plmi6 PLMI6 <plmi6.pfb
plmi7 PLMI7 <plmi7.pfb
plmi8 PLMI8 <plmi8.pfb
plmi9 PLMI9 <plmi9.pfb
plmib10 PLMIB10 <plmib10.pfb
plr10 PLR10 <plr10.pfb
plr12 PLR12 <plr12.pfb
plr17 PLR17 <plr17.pfb
plr5 PLR5 <plr5.pfb
plr6 PLR6 <plr6.pfb
plr7 PLR7 <plr7.pfb
plr8 PLR8 <plr8.pfb
plr9 PLR9 <plr9.pfb
plsl10 PLSL10 <plsl10.pfb
plsl12 PLSL12 <plsl12.pfb
plsl8 PLSL8 <plsl8.pfb
plsl9 PLSL9 <plsl9.pfb
plsltt10 PLSLTT10 <plsltt10.pfb
plss10 PLSS10 <plss10.pfb
plss12 PLSS12 <plss12.pfb
plss17 PLSS17 <plss17.pfb
plss8 PLSS8 <plss8.pfb
plss9 PLSS9 <plss9.pfb
plssbi10 PLSSBI10 <plssbi10.pfb
plssbx10 PLSSBX10 <plssbx10.pfb
plssdc10 PLSSDC10 <plssdc10.pfb
plssi10 PLSSI10 <plssi10.pfb
plssi12 PLSSI12 <plssi12.pfb
plssi17 PLSSI17 <plssi17.pfb
plssi8 PLSSI8 <plssi8.pfb
plssi9 PLSSI9 <plssi9.pfb
plssq8 PLSSQ8 <plssq8.pfb
plssqi8 PLSSQI8 <plssqi8.pfb
plsy10 PLSY10 <plsy10.pfb
plsy5 PLSY5 <plsy5.pfb
plsy6 PLSY6 <plsy6.pfb
plsy7 PLSY7 <plsy7.pfb
plsy8 PLSY8 <plsy8.pfb
plsy9 PLSY9 <plsy9.pfb
pltcsc10 PLTCSC10 <pltcsc10.pfb
pltex10 PLTEX10 <pltex10.pfb
pltex8 PLTEX8 <pltex8.pfb
pltex9 PLTEX9 <pltex9.pfb
plti10 PLTI10 <plti10.pfb
plti12 PLTI12 <plti12.pfb
plti7 PLTI7 <plti7.pfb
plti8 PLTI8 <plti8.pfb
plti9 PLTI9 <plti9.pfb
pltt10 PLTT10 <pltt10.pfb
pltt12 PLTT12 <pltt12.pfb
pltt8 PLTT8 <pltt8.pfb
pltt9 PLTT9 <pltt9.pfb
plu10 PLU10 <plu10.pfb
plvtt10 PLVTT10 <plvtt10.pfb
