% Thomas Esser, 1998, 2002, public domain.
cmb10 CMB10 " TeXf7b6d320Encoding ReEncodeFont " <f7b6d320.enc <cmb10.pfb
cmbsy10 CMBSY10 " TeX10037936Encoding ReEncodeFont " <10037936.enc <cmbsy10.pfb
cmbsy5 CMBSY5 <cmbsy5.pfb
cmbsy7 CMBSY7 <cmbsy7.pfb
cmbx10 CMBX10 " TeXf7b6d320Encoding ReEncodeFont " <f7b6d320.enc <cmbx10.pfb
cmbx12 CMBX12 " TeXf7b6d320Encoding ReEncodeFont " <f7b6d320.enc <cmbx12.pfb
cmbx5 CMBX5 " TeXf7b6d320Encoding ReEncodeFont " <f7b6d320.enc <cmbx5.pfb
cmbx6 CMBX6 " TeXf7b6d320Encoding ReEncodeFont " <f7b6d320.enc <cmbx6.pfb
cmbx7 CMBX7 " TeXf7b6d320Encoding ReEncodeFont " <f7b6d320.enc <cmbx7.pfb
cmbx8 CMBX8 " TeXf7b6d320Encoding ReEncodeFont " <f7b6d320.enc <cmbx8.pfb
cmbx9 CMBX9 " TeXf7b6d320Encoding ReEncodeFont " <f7b6d320.enc <cmbx9.pfb
cmbxsl10 CMBXSL10 " TeXf7b6d320Encoding ReEncodeFont " <f7b6d320.enc <cmbxsl10.pfb
cmbxti10 CMBXTI10 " TeX74afc74cEncoding ReEncodeFont " <74afc74c.enc <cmbxti10.pfb
cmcsc10 CMCSC10 " TeX0ef0afcaEncoding ReEncodeFont " <0ef0afca.enc <cmcsc10.pfb
cmdunh10 CMDUNH10 " TeXf7b6d320Encoding ReEncodeFont " <f7b6d320.enc <cmdunh10.pfb
cmex10 CMEX10 <cmex10.pfb
cmff10 CMFF10 " TeX74afc74cEncoding ReEncodeFont " <74afc74c.enc <cmff10.pfb
cmfi10 CMFI10 " TeX74afc74cEncoding ReEncodeFont " <74afc74c.enc <cmfi10.pfb
cmfib8 CMFIB8 " TeX74afc74cEncoding ReEncodeFont " <74afc74c.enc <cmfib8.pfb
cminch CMINCH " TeX1b6d048eEncoding ReEncodeFont " <1b6d048e.enc <cminch.pfb
cmitt10 CMITT10 " TeXb6a4d7c7Encoding ReEncodeFont " <b6a4d7c7.enc <cmitt10.pfb
cmmi10 CMMI10 " TeXaae443f0Encoding ReEncodeFont " <aae443f0.enc <cmmi10.pfb
cmmi12 CMMI12 " TeXaae443f0Encoding ReEncodeFont " <aae443f0.enc <cmmi12.pfb
cmmi5 CMMI5 " TeXaae443f0Encoding ReEncodeFont " <aae443f0.enc <cmmi5.pfb
cmmi6 CMMI6 " TeXaae443f0Encoding ReEncodeFont " <aae443f0.enc <cmmi6.pfb
cmmi7 CMMI7 " TeXaae443f0Encoding ReEncodeFont " <aae443f0.enc <cmmi7.pfb
cmmi8 CMMI8 " TeXaae443f0Encoding ReEncodeFont " <aae443f0.enc <cmmi8.pfb
cmmi9 CMMI9 " TeXaae443f0Encoding ReEncodeFont " <aae443f0.enc <cmmi9.pfb
cmmib10 CMMIB10 " TeXaae443f0Encoding ReEncodeFont " <aae443f0.enc <cmmib10.pfb
cmmib5 CMMIB5 <cmmib5.pfb
cmmib7 CMMIB7 <cmmib7.pfb
cmr10 CMR10 " TeXf7b6d320Encoding ReEncodeFont " <f7b6d320.enc <cmr10.pfb
cmr12 CMR12 " TeXf7b6d320Encoding ReEncodeFont " <f7b6d320.enc <cmr12.pfb
cmr17 CMR17 " TeXf7b6d320Encoding ReEncodeFont " <f7b6d320.enc <cmr17.pfb
cmr5 CMR5 " TeX0ef0afcaEncoding ReEncodeFont " <0ef0afca.enc <cmr5.pfb
cmr6 CMR6 " TeXf7b6d320Encoding ReEncodeFont " <f7b6d320.enc <cmr6.pfb
cmr7 CMR7 " TeXf7b6d320Encoding ReEncodeFont " <f7b6d320.enc <cmr7.pfb
cmr8 CMR8 " TeXf7b6d320Encoding ReEncodeFont " <f7b6d320.enc <cmr8.pfb
cmr9 CMR9 " TeXf7b6d320Encoding ReEncodeFont " <f7b6d320.enc <cmr9.pfb
cmsl10 CMSL10 " TeXf7b6d320Encoding ReEncodeFont " <f7b6d320.enc <cmsl10.pfb
cmsl12 CMSL12 " TeXf7b6d320Encoding ReEncodeFont " <f7b6d320.enc <cmsl12.pfb
cmsl8 CMSL8 " TeXf7b6d320Encoding ReEncodeFont " <f7b6d320.enc <cmsl8.pfb
cmsl9 CMSL9 " TeXf7b6d320Encoding ReEncodeFont " <f7b6d320.enc <cmsl9.pfb
cmsltt10 CMSLTT10 " TeX09fbbfacEncoding ReEncodeFont " <09fbbfac.enc <cmsltt10.pfb
cmss10 CMSS10 " TeXf7b6d320Encoding ReEncodeFont " <f7b6d320.enc <cmss10.pfb
cmss12 CMSS12 " TeXf7b6d320Encoding ReEncodeFont " <f7b6d320.enc <cmss12.pfb
cmss17 CMSS17 " TeXf7b6d320Encoding ReEncodeFont " <f7b6d320.enc <cmss17.pfb
cmss8 CMSS8 " TeXf7b6d320Encoding ReEncodeFont " <f7b6d320.enc <cmss8.pfb
cmss9 CMSS9 " TeXf7b6d320Encoding ReEncodeFont " <f7b6d320.enc <cmss9.pfb
cmssbx10 CMSSBX10 " TeXf7b6d320Encoding ReEncodeFont " <f7b6d320.enc <cmssbx10.pfb
cmssdc10 CMSSDC10 " TeXf7b6d320Encoding ReEncodeFont " <f7b6d320.enc <cmssdc10.pfb
cmssi10 CMSSI10 " TeXf7b6d320Encoding ReEncodeFont " <f7b6d320.enc <cmssi10.pfb
cmssi12 CMSSI12 " TeXf7b6d320Encoding ReEncodeFont " <f7b6d320.enc <cmssi12.pfb
cmssi17 CMSSI17 " TeXf7b6d320Encoding ReEncodeFont " <f7b6d320.enc <cmssi17.pfb
cmssi8 CMSSI8 " TeXf7b6d320Encoding ReEncodeFont " <f7b6d320.enc <cmssi8.pfb
cmssi9 CMSSI9 " TeXf7b6d320Encoding ReEncodeFont " <f7b6d320.enc <cmssi9.pfb
cmssq8 CMSSQ8 " TeXf7b6d320Encoding ReEncodeFont " <f7b6d320.enc <cmssq8.pfb
cmssqi8 CMSSQI8 " TeXf7b6d320Encoding ReEncodeFont " <f7b6d320.enc <cmssqi8.pfb
cmsy10 CMSY10 " TeXbbad153fEncoding ReEncodeFont " <bbad153f.enc <cmsy10.pfb
cmsy5 CMSY5 " TeXbbad153fEncoding ReEncodeFont " <bbad153f.enc <cmsy5.pfb
cmsy6 CMSY6 " TeXbbad153fEncoding ReEncodeFont " <bbad153f.enc <cmsy6.pfb
cmsy7 CMSY7 " TeXbbad153fEncoding ReEncodeFont " <bbad153f.enc <cmsy7.pfb
cmsy8 CMSY8 " TeXbbad153fEncoding ReEncodeFont " <bbad153f.enc <cmsy8.pfb
cmsy9 CMSY9 " TeXbbad153fEncoding ReEncodeFont " <bbad153f.enc <cmsy9.pfb
cmtcsc10 CMTCSC10 " TeX71414f53Encoding ReEncodeFont " <71414f53.enc <cmtcsc10.pfb
cmtex10 CMTEX10 " TeXd9b29452Encoding ReEncodeFont " <d9b29452.enc <cmtex10.pfb
cmtex8 CMTEX8 " TeXd9b29452Encoding ReEncodeFont " <d9b29452.enc <cmtex8.pfb
cmtex9 CMTEX9 " TeXd9b29452Encoding ReEncodeFont " <d9b29452.enc <cmtex9.pfb
cmti10 CMTI10 " TeX74afc74cEncoding ReEncodeFont " <74afc74c.enc <cmti10.pfb
cmti12 CMTI12 " TeX74afc74cEncoding ReEncodeFont " <74afc74c.enc <cmti12.pfb
cmti7 CMTI7 " TeX74afc74cEncoding ReEncodeFont " <74afc74c.enc <cmti7.pfb
cmti8 CMTI8 " TeX74afc74cEncoding ReEncodeFont " <74afc74c.enc <cmti8.pfb
cmti9 CMTI9 " TeX74afc74cEncoding ReEncodeFont " <74afc74c.enc <cmti9.pfb
cmtt10 CMTT10 " TeX09fbbfacEncoding ReEncodeFont " <09fbbfac.enc <cmtt10.pfb
cmtt12 CMTT12 " TeX09fbbfacEncoding ReEncodeFont " <09fbbfac.enc <cmtt12.pfb
cmtt8 CMTT8 " TeX09fbbfacEncoding ReEncodeFont " <09fbbfac.enc <cmtt8.pfb
cmtt9 CMTT9 " TeX09fbbfacEncoding ReEncodeFont " <09fbbfac.enc <cmtt9.pfb
cmu10 CMU10 " TeX74afc74cEncoding ReEncodeFont " <74afc74c.enc <cmu10.pfb
cmvtt10 CMVTT10 " TeXf7b6d320Encoding ReEncodeFont " <f7b6d320.enc <cmvtt10.pfb
euex10 EUEX10 <euex10.pfb
eufb10 EUFB10 <eufb10.pfb
eufb5 EUFB5 <eufb5.pfb
eufb7 EUFB7 <eufb7.pfb
eufm10 EUFM10 <eufm10.pfb
eufm5 EUFM5 <eufm5.pfb
eufm7 EUFM7 <eufm7.pfb
eurb10 EURB10 <eurb10.pfb
eurb5 EURB5 <eurb5.pfb
eurb7 EURB7 <eurb7.pfb
eurm10 EURM10 <eurm10.pfb
eurm5 EURM5 <eurm5.pfb
eurm7 EURM7 <eurm7.pfb
eusb10 EUSB10 <eusb10.pfb
eusb5 EUSB5 <eusb5.pfb
eusb7 EUSB7 <eusb7.pfb
eusm10 EUSM10 <eusm10.pfb
eusm5 EUSM5 <eusm5.pfb
eusm7 EUSM7 <eusm7.pfb
lasy10 LASY10 <lasy10.pfb
lasy5 LASY5 <lasy5.pfb
lasy6 LASY6 <lasy6.pfb
lasy7 LASY7 <lasy7.pfb
lasy8 LASY8 <lasy8.pfb
lasy9 LASY9 <lasy9.pfb
lasyb10 LASYB10 <lasyb10.pfb
lcircle10 LCIRCLE10 <lcircle1.pfb
lcirclew10 LCIRCLEW10 <lcirclew.pfb
lcmss8 LCMSS8 <lcmss8.pfb
lcmssb8 LCMSSB8 <lcmssb8.pfb
lcmssi8 LCMSSI8 <lcmssi8.pfb
line10 LINE10 <line10.pfb
linew10 LINEW10 <linew10.pfb
msam10 MSAM10 <msam10.pfb
msam5 MSAM5 <msam5.pfb
msam7 MSAM7 <msam7.pfb
msbm10 MSBM10 <msbm10.pfb
msbm5 MSBM5 <msbm5.pfb
msbm7 MSBM7 <msbm7.pfb
wncyb10 WNCYB10 <wncyb10.pfb
wncyi10 WNCYI10 <wncyi10.pfb
wncyr10 WNCYR10 <wncyr10.pfb
wncysc10 WNCYSC10 <wncysc10.pfb
wncyss10 WNCYSS10 <wncyss10.pfb
